------------------------------------------------------------
TimeQuest Timing Analyzer Summary
------------------------------------------------------------

Type  : Slow 1200mV 85C Model Setup 'DownCounter:clk_div_60hz|twoHZ'
Slack : -12.734
TNS   : -174.687

Type  : Slow 1200mV 85C Model Setup 'CLOCK_50'
Slack : -5.589
TNS   : -826.256

Type  : Slow 1200mV 85C Model Setup 'Game_Logic:game_control|ps2_keyboard:u_ps2|debounce:debounce_ps2_clk|result'
Slack : -0.548
TNS   : -0.548

Type  : Slow 1200mV 85C Model Hold 'CLOCK_50'
Slack : 0.180
TNS   : 0.000

Type  : Slow 1200mV 85C Model Hold 'Game_Logic:game_control|ps2_keyboard:u_ps2|debounce:debounce_ps2_clk|result'
Slack : 0.380
TNS   : 0.000

Type  : Slow 1200mV 85C Model Hold 'DownCounter:clk_div_60hz|twoHZ'
Slack : 0.579
TNS   : 0.000

Type  : Slow 1200mV 85C Model Minimum Pulse Width 'CLOCK_50'
Slack : -3.000
TNS   : -267.000

Type  : Slow 1200mV 85C Model Minimum Pulse Width 'DownCounter:clk_div_60hz|twoHZ'
Slack : -1.000
TNS   : -31.000

Type  : Slow 1200mV 85C Model Minimum Pulse Width 'Game_Logic:game_control|ps2_keyboard:u_ps2|debounce:debounce_ps2_clk|result'
Slack : -1.000
TNS   : -11.000

Type  : Slow 1200mV 0C Model Setup 'DownCounter:clk_div_60hz|twoHZ'
Slack : -11.178
TNS   : -152.387

Type  : Slow 1200mV 0C Model Setup 'CLOCK_50'
Slack : -4.834
TNS   : -715.357

Type  : Slow 1200mV 0C Model Setup 'Game_Logic:game_control|ps2_keyboard:u_ps2|debounce:debounce_ps2_clk|result'
Slack : -0.510
TNS   : -0.510

Type  : Slow 1200mV 0C Model Hold 'CLOCK_50'
Slack : 0.083
TNS   : 0.000

Type  : Slow 1200mV 0C Model Hold 'Game_Logic:game_control|ps2_keyboard:u_ps2|debounce:debounce_ps2_clk|result'
Slack : 0.345
TNS   : 0.000

Type  : Slow 1200mV 0C Model Hold 'DownCounter:clk_div_60hz|twoHZ'
Slack : 0.521
TNS   : 0.000

Type  : Slow 1200mV 0C Model Minimum Pulse Width 'CLOCK_50'
Slack : -3.000
TNS   : -267.000

Type  : Slow 1200mV 0C Model Minimum Pulse Width 'DownCounter:clk_div_60hz|twoHZ'
Slack : -1.000
TNS   : -31.000

Type  : Slow 1200mV 0C Model Minimum Pulse Width 'Game_Logic:game_control|ps2_keyboard:u_ps2|debounce:debounce_ps2_clk|result'
Slack : -1.000
TNS   : -11.000

Type  : Fast 1200mV 0C Model Setup 'DownCounter:clk_div_60hz|twoHZ'
Slack : -6.789
TNS   : -86.314

Type  : Fast 1200mV 0C Model Setup 'CLOCK_50'
Slack : -2.734
TNS   : -373.109

Type  : Fast 1200mV 0C Model Setup 'Game_Logic:game_control|ps2_keyboard:u_ps2|debounce:debounce_ps2_clk|result'
Slack : -0.015
TNS   : -0.015

Type  : Fast 1200mV 0C Model Hold 'CLOCK_50'
Slack : -0.254
TNS   : -0.254

Type  : Fast 1200mV 0C Model Hold 'Game_Logic:game_control|ps2_keyboard:u_ps2|debounce:debounce_ps2_clk|result'
Slack : 0.196
TNS   : 0.000

Type  : Fast 1200mV 0C Model Hold 'DownCounter:clk_div_60hz|twoHZ'
Slack : 0.311
TNS   : 0.000

Type  : Fast 1200mV 0C Model Minimum Pulse Width 'CLOCK_50'
Slack : -3.000
TNS   : -348.084

Type  : Fast 1200mV 0C Model Minimum Pulse Width 'DownCounter:clk_div_60hz|twoHZ'
Slack : -1.000
TNS   : -31.000

Type  : Fast 1200mV 0C Model Minimum Pulse Width 'Game_Logic:game_control|ps2_keyboard:u_ps2|debounce:debounce_ps2_clk|result'
Slack : -1.000
TNS   : -11.000

------------------------------------------------------------
